Open3D/ColorMap Open3D/pipelines/color_map
Open3D/Camera Open3D/camera
Open3D/Core Open3D/core
Open3D/Geometry Open3D/geometry
Open3D/Integration Open3D/pipelines/integration
Open3D/IO Open3D/io
Open3D/ML Open3D/ml
Open3D/Odometry Open3D/pipelines/odometry
Open3D/Registration Open3D/pipelines/registration
Open3D/Utility Open3D/utility
Open3D/Visualization Open3D/visualization
Open3D/GUI Open3D/visualization/gui
Open3D open3d
Benchmark/Core Benchmark/core
Benchmark/Geometry Benchmark/geometry
Benchmark/IO Benchmark/io
Benchmark benchmark
UnitTest/ColorMap UnitTest/pipelines/color_map
UnitTest/Camera UnitTest/camera
UnitTest/Core UnitTest/core
UnitTest/Geometry UnitTest/geometry
UnitTest/Integration UnitTest/pipelines/integration
UnitTest/IO UnitTest/io
UnitTest/ML UnitTest/ml
UnitTest/Odometry UnitTest/pipelines/odometry
UnitTest/Registration UnitTest/pipelines/registration
UnitTest/Utility UnitTest/utility
UnitTest/TestUtility UnitTest/test_utility
UnitTest/Visualization UnitTest/visualization
UnitTest unit_test
Apps apps
Tools tools
